code: |-
    return [
        'extensions' => [
            // Add attributes straight from markdown.
            AttributesExtension::class,
            // Add Lighty syntax highlighting.[lighty focus .animate-pulse]
            LightyExtension::class,[lighty focus .font-bold .italic .animate-pulse #pulse]
        ]
    ]
codeSanitized: |-
    return [
        'extensions' => [
            // Add attributes straight from markdown.
            AttributesExtension::class,
            // Add Lighty syntax highlighting.
            LightyExtension::class,
        ]
    ]
lines:
    1: { originalNumber: 1, modifiedNumber: 1, content: 'return [', modifiers: {  } }
    2: { originalNumber: 2, modifiedNumber: 2, content: "    'extensions' => [", modifiers: {  } }
    3: { originalNumber: 3, modifiedNumber: 3, content: '        // Add attributes straight from markdown.', modifiers: {  } }
    4: { originalNumber: 4, modifiedNumber: 4, content: '        AttributesExtension::class,', modifiers: {  } }
    5: { originalNumber: 5, modifiedNumber: 5, content: '        // Add Lighty syntax highlighting.[lighty focus .animate-pulse]', modifiers: { focus: focus, class: [animate-pulse] } }
    6: { originalNumber: 6, modifiedNumber: 6, content: '        LightyExtension::class,[lighty focus .font-bold .italic .animate-pulse #pulse]', modifiers: { focus: focus, class: [font-bold, italic, animate-pulse], id: [pulse] } }
    7: { originalNumber: 7, modifiedNumber: 7, content: '    ]', modifiers: {  } }
    8: { originalNumber: 8, modifiedNumber: 8, content: ']', modifiers: {  } }
showDiffIndicators: true
showDiffIndicatorsInPlaceOfLineNumbers: true
showLineNumbers: true
