code: |-
    return [
        'extensions' => [
            // Add attributes straight from markdown.
            AttributesExtension::class,[lighty add]
            // Add Lighty syntax highlighting.
            SomeOtherHighlighter::class,[lighty delete]
            LightyExtension::class,[lighty reindex(+50):start]
        ]
    ][lighty reindex(+50):end]
codeSanitized: |-
    return [
        'extensions' => [
            // Add attributes straight from markdown.
            AttributesExtension::class,
            // Add Lighty syntax highlighting.
            SomeOtherHighlighter::class,
            LightyExtension::class,
        ]
    ]
lines:
    1: { originalNumber: 1, modifiedNumber: 1, content: 'return [', modifiers: {  } }
    2: { originalNumber: 2, modifiedNumber: 2, content: "    'extensions' => [", modifiers: {  } }
    3: { originalNumber: 3, modifiedNumber: 3, content: '        // Add attributes straight from markdown.', modifiers: {  } }
    4: { originalNumber: 4, modifiedNumber: 4, content: '        AttributesExtension::class,[lighty add]', modifiers: { add: add } }
    5: { originalNumber: 5, modifiedNumber: 5, content: '        // Add Lighty syntax highlighting.', modifiers: {  } }
    6: { originalNumber: 6, modifiedNumber: 6, content: '        SomeOtherHighlighter::class,[lighty delete]', modifiers: { delete: delete } }
    7: { originalNumber: 7, modifiedNumber: 57, content: '        LightyExtension::class,[lighty reindex(+50):start]', modifiers: {  } }
    8: { originalNumber: 8, modifiedNumber: 58, content: '    ]', modifiers: {  } }
    9: { originalNumber: 9, modifiedNumber: 59, content: '][lighty reindex(+50):end]', modifiers: {  } }
showDiffIndicators: true
showDiffIndicatorsInPlaceOfLineNumbers: true
showLineNumbers: true
