code: |-
    // This is a long bit of text, hard to reindex the middle.
    return <<<EOT
    spring sunshine
    the smell of waters
    from the stars

    deep winter
    the smell of a crow [lighty lineNumber(99)]
    from the stars

    beach to school
    the smell of water
    in the sky
    EOT;[lighty highlight:-9,1]
codeSanitized: |-
    // This is a long bit of text, hard to reindex the middle.
    return <<<EOT
    spring sunshine
    the smell of waters
    from the stars

    deep winter
    the smell of a crow 
    from the stars

    beach to school
    the smell of water
    in the sky
    EOT;
lines:
    1: { originalNumber: 1, modifiedNumber: 1, content: '// This is a long bit of text, hard to reindex the middle.', modifiers: {  } }
    2: { originalNumber: 2, modifiedNumber: 2, content: 'return <<<EOT', modifiers: {  } }
    3: { originalNumber: 3, modifiedNumber: 3, content: 'spring sunshine', modifiers: {  } }
    4: { originalNumber: 4, modifiedNumber: 4, content: 'the smell of waters', modifiers: {  } }
    5: { originalNumber: 5, modifiedNumber: 5, content: 'from the stars', modifiers: {  } }
    6: { originalNumber: 6, modifiedNumber: 6, content: '', modifiers: {  } }
    7: { originalNumber: 7, modifiedNumber: 7, content: 'deep winter', modifiers: {  } }
    8: { originalNumber: 8, modifiedNumber: 99, content: 'the smell of a crow [lighty lineNumber(99)]', modifiers: { highlight: highlight } }
    9: { originalNumber: 9, modifiedNumber: 9, content: 'from the stars', modifiers: {  } }
    10: { originalNumber: 10, modifiedNumber: 10, content: '', modifiers: {  } }
    11: { originalNumber: 11, modifiedNumber: 11, content: 'beach to school', modifiers: {  } }
    12: { originalNumber: 12, modifiedNumber: 12, content: 'the smell of water', modifiers: {  } }
    13: { originalNumber: 13, modifiedNumber: 13, content: 'in the sky', modifiers: {  } }
    14: { originalNumber: 14, modifiedNumber: 14, content: 'EOT;[lighty highlight:-9,1]', modifiers: {  } }
showDiffIndicators: true
showDiffIndicatorsInPlaceOfLineNumbers: true
showLineNumbers: true
