<pre class="lighty"><code class="" style="background-color: #2e3440ff"><div class="line"><span style="color:#3A3F58; text-align: right; user-select: none;" class="line-number"> 1</span><span class="summary-caret summary-caret-empty" style="user-select: none; color: #3A3F58"></span><span style="color: #81A1C1">return</span><span style="color: #D8DEE9FF"> </span><span style="color: #ECEFF4">[</span></div>
<details><summary style="cursor: pointer; display: block"><div class="line"><span style="color:#3A3F58; text-align: right; user-select: none;" class="line-number"> 2</span><span class="summary-caret summary-caret-start" style="user-select: none; color: #3A3F58"></span><span style="color: #D8DEE9FF">    </span><span style="color: #ECEFF4">&#39;</span><span style="color: #A3BE8C">heading_permalink</span><span style="color: #ECEFF4">&#39;</span><span style="color: #D8DEE9FF"> </span><span style="color: #81A1C1">=&gt;</span><span style="color: #D8DEE9FF"> </span><span style="color: #ECEFF4">[</span><span style="color: #D8DEE9FF"> </span><span class="summary-hide-when-open" style="color:#3A3F58">...</span></div>
</summary>
<div class="line"><span style="color:#3A3F58; text-align: right; user-select: none;" class="line-number"> 3</span><span class="summary-caret summary-caret-middle" style="user-select: none; color: #3A3F58"></span><span style="color: #D8DEE9FF">        </span><span style="color: #ECEFF4">&#39;</span><span style="color: #A3BE8C">html_class</span><span style="color: #ECEFF4">&#39;</span><span style="color: #D8DEE9FF"> </span><span style="color: #81A1C1">=&gt;</span><span style="color: #D8DEE9FF"> </span><span style="color: #ECEFF4">&#39;</span><span style="color: #A3BE8C">permalink</span><span style="color: #ECEFF4">&#39;</span><span style="color: #ECEFF4">,</span></div>
<div class="line"><span style="color:#3A3F58; text-align: right; user-select: none;" class="line-number"> 4</span><span class="summary-caret summary-caret-middle" style="user-select: none; color: #3A3F58"></span><span style="color: #D8DEE9FF">        </span><span style="color: #ECEFF4">&#39;</span><span style="color: #A3BE8C">id_prefix</span><span style="color: #ECEFF4">&#39;</span><span style="color: #D8DEE9FF"> </span><span style="color: #81A1C1">=&gt;</span><span style="color: #D8DEE9FF"> </span><span style="color: #ECEFF4">&#39;</span><span style="color: #A3BE8C">user-content</span><span style="color: #ECEFF4">&#39;</span><span style="color: #ECEFF4">,</span></div>
<div class="line"><span style="color:#3A3F58; text-align: right; user-select: none;" class="line-number"> 5</span><span class="summary-caret summary-caret-middle" style="user-select: none; color: #3A3F58"></span><span style="color: #D8DEE9FF">        </span><span style="color: #ECEFF4">&#39;</span><span style="color: #A3BE8C">insert</span><span style="color: #ECEFF4">&#39;</span><span style="color: #D8DEE9FF"> </span><span style="color: #81A1C1">=&gt;</span><span style="color: #D8DEE9FF"> </span><span style="color: #ECEFF4">&#39;</span><span style="color: #A3BE8C">before</span><span style="color: #ECEFF4">&#39;</span><span style="color: #ECEFF4">,</span></div>
<div class="line"><span style="color:#3A3F58; text-align: right; user-select: none;" class="line-number"> 6</span><span class="summary-caret summary-caret-middle" style="user-select: none; color: #3A3F58"></span><span style="color: #D8DEE9FF">        </span><span style="color: #ECEFF4">&#39;</span><span style="color: #A3BE8C">title</span><span style="color: #ECEFF4">&#39;</span><span style="color: #D8DEE9FF"> </span><span style="color: #81A1C1">=&gt;</span><span style="color: #D8DEE9FF"> </span><span style="color: #ECEFF4">&#39;</span><span style="color: #A3BE8C">Permalink</span><span style="color: #ECEFF4">&#39;</span><span style="color: #ECEFF4">,</span></div>
<div class="line"><span style="color:#3A3F58; text-align: right; user-select: none;" class="line-number"> 7</span><span class="summary-caret summary-caret-middle" style="user-select: none; color: #3A3F58"></span><span style="color: #D8DEE9FF">        </span><span style="color: #ECEFF4">&#39;</span><span style="color: #A3BE8C">symbol</span><span style="color: #ECEFF4">&#39;</span><span style="color: #D8DEE9FF"> </span><span style="color: #81A1C1">=&gt;</span><span style="color: #D8DEE9FF"> </span><span style="color: #ECEFF4">&#39;</span><span style="color: #A3BE8C">#</span><span style="color: #ECEFF4">&#39;</span><span style="color: #ECEFF4">,</span></div>
<div class="line"><span style="color:#3A3F58; text-align: right; user-select: none;" class="line-number"> 8</span><span class="summary-caret summary-caret-end" style="user-select: none; color: #3A3F58"></span><span style="color: #D8DEE9FF">    </span><span style="color: #ECEFF4">],</span></div>
</details><div class="line"><span style="color:#3A3F58; text-align: right; user-select: none;" class="line-number"> 9</span><span class="summary-caret summary-caret-empty" style="user-select: none; color: #3A3F58"></span></div>
<div class="line"><span style="color:#3A3F58; text-align: right; user-select: none;" class="line-number"> 10</span><span class="summary-caret summary-caret-empty" style="user-select: none; color: #3A3F58"></span><span style="color: #D8DEE9FF">    </span><span style="color: #ECEFF4">&#39;</span><span style="color: #A3BE8C">extensions</span><span style="color: #ECEFF4">&#39;</span><span style="color: #D8DEE9FF"> </span><span style="color: #81A1C1">=&gt;</span><span style="color: #D8DEE9FF"> </span><span style="color: #ECEFF4">[</span></div>
<div class="line"><span style="color:#3A3F58; text-align: right; user-select: none;" class="line-number"> 11</span><span class="summary-caret summary-caret-empty" style="user-select: none; color: #3A3F58"></span><span style="color: #ECEFF4">        </span><span style="color: #616E88">// Add attributes straight from markdown.</span></div>
<div class="line"><span style="color:#3A3F58; text-align: right; user-select: none;" class="line-number"> 12</span><span class="summary-caret summary-caret-empty" style="user-select: none; color: #3A3F58"></span><span style="color: #D8DEE9FF">        </span><span style="color: #8FBCBB">AttributesExtension</span><span style="color: #81A1C1">::class</span><span style="color: #ECEFF4">,</span></div>
<div class="line"><span style="color:#3A3F58; text-align: right; user-select: none;" class="line-number"> 13</span><span class="summary-caret summary-caret-empty" style="user-select: none; color: #3A3F58"></span><span style="color: #ECEFF4">        </span><span style="color: #616E88">// Add Lighty syntax highlighting.</span></div>
<div class="line"><span style="color:#3A3F58; text-align: right; user-select: none;" class="line-number"> 14</span><span class="summary-caret summary-caret-empty" style="user-select: none; color: #3A3F58"></span><span style="color: #D8DEE9FF">        </span><span style="color: #8FBCBB">LightyExtension</span><span style="color: #81A1C1">::class</span><span style="color: #ECEFF4">,</span></div>
<div class="line"><span style="color:#3A3F58; text-align: right; user-select: none;" class="line-number"> 15</span><span class="summary-caret summary-caret-empty" style="user-select: none; color: #3A3F58"></span><span style="color: #D8DEE9FF">    </span><span style="color: #ECEFF4">]</span></div>
<div class="line"><span style="color:#3A3F58; text-align: right; user-select: none;" class="line-number"> 16</span><span class="summary-caret summary-caret-empty" style="user-select: none; color: #3A3F58"></span><span style="color: #ECEFF4">]</span></div></code></pre>