- abap
- actionscript-3
- ada
- apache
- apex
- apl
- applescript
- ara
- asm
- astro
- awk
- ballerina
- bat
- berry
- bibtex
- bicep
- blade
- c
- cadence
- clarity
- clojure
- cmake
- cobol
- codeql
- coffee
- cpp
- crystal
- csharp
- css
- cue
- d
- dart
- dax
- diff
- docker
- dream-maker
- elixir
- elm
- erb
- erlang
- fish
- fsharp
- gdresource
- gdscript
- gdshader
- gherkin
- git-commit
- git-rebase
- glsl
- gnuplot
- go
- graphql
- groovy
- hack
- haml
- handlebars
- haskell
- hcl
- hlsl
- html
- http
- imba
- ini
- java
- javascript
- jinja-html
- jison
- json
- json5
- jsonc
- jsonnet
- jssm
- jsx
- julia
- kotlin
- kusto
- latex
- less
- liquid
- lisp
- logo
- lua
- make
- markdown
- marko
- matlab
- mdx
- mermaid
- nginx
- nim
- nix
- objective-c
- objective-cpp
- ocaml
- pascal
- perl
- php
- plsql
- postcss
- powerquery
- powershell
- prisma
- prolog
- proto
- pug
- puppet
- purescript
- python
- r
- raku
- razor
- reg
- rel
- riscv
- rst
- ruby
- rust
- sas
- sass
- scala
- scheme
- scss
- shaderlab
- shellscript
- smalltalk
- solidity
- sparql
- sql
- ssh-config
- stata
- stylus
- svelte
- swift
- system-verilog
- tasl
- tcl
- tex
- toml
- tsx
- turtle
- twig
- typescript
- v
- vb
- verilog
- vhdl
- viml
- vue
- vue-html
- wasm
- wenyan
- wgsl
- wolfram
- xml
- xsl
- yaml
- zenscript
