<pre class="lighty"><code class=" has-added-lines" style="background-color: #2e3440ff"><div class="line"><span style="color:#3A3F58; text-align: right; user-select: none;" class="line-number"> 1</span><span style="color: #81A1C1">return</span><span style="color: #D8DEE9FF"> </span><span style="color: #ECEFF4">[</span></div>
<div class="line line-add"><span style="color:#C3E88D; text-align: right; user-select: none;" class="line-number"> +</span><span style="color: #D8DEE9FF; color: #C3E88D">    </span><span style="color: #ECEFF4; color: #C3E88D">&#39;</span><span style="color: #A3BE8C; color: #C3E88D">heading_permalink</span><span style="color: #ECEFF4; color: #C3E88D">&#39;</span><span style="color: #D8DEE9FF; color: #C3E88D"> </span><span style="color: #81A1C1; color: #C3E88D">=&gt;</span><span style="color: #D8DEE9FF; color: #C3E88D"> </span><span style="color: #ECEFF4; color: #C3E88D">[</span><span style="color: #D8DEE9FF; color: #C3E88D"> </span></div>
<div class="line line-add"><span style="color:#C3E88D; text-align: right; user-select: none;" class="line-number"> +</span><span style="color: #D8DEE9FF; color: #C3E88D">        </span><span style="color: #ECEFF4; color: #C3E88D">&#39;</span><span style="color: #A3BE8C; color: #C3E88D">html_class</span><span style="color: #ECEFF4; color: #C3E88D">&#39;</span><span style="color: #D8DEE9FF; color: #C3E88D"> </span><span style="color: #81A1C1; color: #C3E88D">=&gt;</span><span style="color: #D8DEE9FF; color: #C3E88D"> </span><span style="color: #ECEFF4; color: #C3E88D">&#39;</span><span style="color: #A3BE8C; color: #C3E88D">permalink</span><span style="color: #ECEFF4; color: #C3E88D">&#39;</span><span style="color: #ECEFF4; color: #C3E88D">,</span></div>
<div class="line line-add"><span style="color:#C3E88D; text-align: right; user-select: none;" class="line-number"> +</span><span style="color: #D8DEE9FF; color: #C3E88D">        </span><span style="color: #ECEFF4; color: #C3E88D">&#39;</span><span style="color: #A3BE8C; color: #C3E88D">id_prefix</span><span style="color: #ECEFF4; color: #C3E88D">&#39;</span><span style="color: #D8DEE9FF; color: #C3E88D"> </span><span style="color: #81A1C1; color: #C3E88D">=&gt;</span><span style="color: #D8DEE9FF; color: #C3E88D"> </span><span style="color: #ECEFF4; color: #C3E88D">&#39;</span><span style="color: #A3BE8C; color: #C3E88D">user-content</span><span style="color: #ECEFF4; color: #C3E88D">&#39;</span><span style="color: #ECEFF4; color: #C3E88D">,</span></div>
<div class="line line-add"><span style="color:#C3E88D; text-align: right; user-select: none;" class="line-number"> +</span><span style="color: #D8DEE9FF; color: #C3E88D">        </span><span style="color: #ECEFF4; color: #C3E88D">&#39;</span><span style="color: #A3BE8C; color: #C3E88D">insert</span><span style="color: #ECEFF4; color: #C3E88D">&#39;</span><span style="color: #D8DEE9FF; color: #C3E88D"> </span><span style="color: #81A1C1; color: #C3E88D">=&gt;</span><span style="color: #D8DEE9FF; color: #C3E88D"> </span><span style="color: #ECEFF4; color: #C3E88D">&#39;</span><span style="color: #A3BE8C; color: #C3E88D">before</span><span style="color: #ECEFF4; color: #C3E88D">&#39;</span><span style="color: #ECEFF4; color: #C3E88D">,</span></div>
<div class="line line-add"><span style="color:#C3E88D; text-align: right; user-select: none;" class="line-number"> +</span><span style="color: #D8DEE9FF; color: #C3E88D">        </span><span style="color: #ECEFF4; color: #C3E88D">&#39;</span><span style="color: #A3BE8C; color: #C3E88D">title</span><span style="color: #ECEFF4; color: #C3E88D">&#39;</span><span style="color: #D8DEE9FF; color: #C3E88D"> </span><span style="color: #81A1C1; color: #C3E88D">=&gt;</span><span style="color: #D8DEE9FF; color: #C3E88D"> </span><span style="color: #ECEFF4; color: #C3E88D">&#39;</span><span style="color: #A3BE8C; color: #C3E88D">Permalink</span><span style="color: #ECEFF4; color: #C3E88D">&#39;</span><span style="color: #ECEFF4; color: #C3E88D">,</span></div>
<div class="line line-add"><span style="color:#C3E88D; text-align: right; user-select: none;" class="line-number"> +</span><span style="color: #D8DEE9FF; color: #C3E88D">        </span><span style="color: #ECEFF4; color: #C3E88D">&#39;</span><span style="color: #A3BE8C; color: #C3E88D">symbol</span><span style="color: #ECEFF4; color: #C3E88D">&#39;</span><span style="color: #D8DEE9FF; color: #C3E88D"> </span><span style="color: #81A1C1; color: #C3E88D">=&gt;</span><span style="color: #D8DEE9FF; color: #C3E88D"> </span><span style="color: #ECEFF4; color: #C3E88D">&#39;</span><span style="color: #A3BE8C; color: #C3E88D">#</span><span style="color: #ECEFF4; color: #C3E88D">&#39;</span><span style="color: #ECEFF4; color: #C3E88D">,</span></div>
<div class="line line-add"><span style="color:#C3E88D; text-align: right; user-select: none;" class="line-number"> +</span><span style="color: #D8DEE9FF; color: #C3E88D">    </span><span style="color: #ECEFF4; color: #C3E88D">],</span></div>
<div class="line"><span style="color:#3A3F58; text-align: right; user-select: none;" class="line-number"> 9</span></div>
<div class="line"><span style="color:#3A3F58; text-align: right; user-select: none;" class="line-number"> 10</span><span style="color: #D8DEE9FF">    </span><span style="color: #ECEFF4">&#39;</span><span style="color: #A3BE8C">extensions</span><span style="color: #ECEFF4">&#39;</span><span style="color: #D8DEE9FF"> </span><span style="color: #81A1C1">=&gt;</span><span style="color: #D8DEE9FF"> </span><span style="color: #ECEFF4">[</span></div>
<div class="line"><span style="color:#3A3F58; text-align: right; user-select: none;" class="line-number"> 11</span><span style="color: #ECEFF4">        </span><span style="color: #616E88">// Add attributes straight from markdown.</span></div>
<div class="line"><span style="color:#3A3F58; text-align: right; user-select: none;" class="line-number"> 12</span><span style="color: #D8DEE9FF">        </span><span style="color: #8FBCBB">AttributesExtension</span><span style="color: #81A1C1">::class</span><span style="color: #ECEFF4">,</span></div>
<div class="line"><span style="color:#3A3F58; text-align: right; user-select: none;" class="line-number"> 13</span><span style="color: #ECEFF4">        </span><span style="color: #616E88">// Add Lighty syntax highlighting.</span></div>
<div class="line"><span style="color:#3A3F58; text-align: right; user-select: none;" class="line-number"> 14</span><span style="color: #D8DEE9FF">        </span><span style="color: #8FBCBB">LightyExtension</span><span style="color: #81A1C1">::class</span><span style="color: #ECEFF4">,</span></div>
<div class="line"><span style="color:#3A3F58; text-align: right; user-select: none;" class="line-number"> 15</span><span style="color: #D8DEE9FF">    </span><span style="color: #ECEFF4">]</span></div>
<div class="line"><span style="color:#3A3F58; text-align: right; user-select: none;" class="line-number"> 16</span><span style="color: #ECEFF4">]</span></div></code></pre>